[INFO] Error stacktraces are turned on.
[INFO] Scanning for projects...
[INFO] 
[INFO] --------------------------< com.group:admin >---------------------------
[INFO] Building admin 1.0.0
[INFO]   from pom.xml
[INFO] --------------------------------[ jar ]---------------------------------
[INFO] 
[INFO] --- resources:3.3.1:resources (default-resources) @ admin ---
[INFO] Copying 3 resources from src\main\resources to target\classes
[INFO] Copying 67 resources from src\main\resources to target\classes
[INFO] 
[INFO] --- compiler:3.11.0:compile (default-compile) @ admin ---
[INFO] Changes detected - recompiling the module! :source
[INFO] Compiling 321 source files with javac [debug release 21] to target\classes
[INFO] /c:/Users/user/OneDrive/Desktop/創業/KUJI-Server/admin/src/main/java/com/group/admin/result/ApiResponse.java: c:\Users\user\OneDrive\Desktop\創業\KUJI-Server\admin\src\main\java\com\group\admin\result\ApiResponse.java uses unchecked or unsafe operations.
[INFO] /c:/Users/user/OneDrive/Desktop/創業/KUJI-Server/admin/src/main/java/com/group/admin/result/ApiResponse.java: Recompile with -Xlint:unchecked for details.
[INFO] Some messages have been simplified; recompile with -Xdiags:verbose to get full output
[INFO] -------------------------------------------------------------
[ERROR] COMPILATION ERROR : 
[INFO] -------------------------------------------------------------
[ERROR] /c:/Users/user/OneDrive/Desktop/創業/KUJI-Server/admin/src/main/java/com/group/admin/controller/LotteryDrawController.java:[54,53] incompatible types: java.lang.String cannot be converted to java.lang.Long
[ERROR] /c:/Users/user/OneDrive/Desktop/創業/KUJI-Server/admin/src/main/java/com/group/admin/controller/LotteryDrawController.java:[75,53] incompatible types: java.lang.String cannot be converted to java.lang.Long
[ERROR] /c:/Users/user/OneDrive/Desktop/創業/KUJI-Server/admin/src/main/java/com/group/admin/controller/LotteryDrawController.java:[96,53] incompatible types: java.lang.String cannot be converted to java.lang.Long
[ERROR] /c:/Users/user/OneDrive/Desktop/創業/KUJI-Server/admin/src/main/java/com/group/admin/controller/LotteryDrawController.java:[127,53] incompatible types: java.lang.String cannot be converted to java.lang.Long
[ERROR] /c:/Users/user/OneDrive/Desktop/創業/KUJI-Server/admin/src/main/java/com/group/admin/service/impl/DrawServiceImpl.java:[74,76] incompatible types: java.lang.Long cannot be converted to java.lang.String
[ERROR] /c:/Users/user/OneDrive/Desktop/創業/KUJI-Server/admin/src/main/java/com/group/admin/service/impl/DrawServiceImpl.java:[98,31] cannot find symbol
  symbol:   method selectById(java.lang.String)
  location: variable userMapper of type com.group.admin.mapper.UserMapper
[ERROR] /c:/Users/user/OneDrive/Desktop/創業/KUJI-Server/admin/src/main/java/com/group/admin/service/impl/DrawServiceImpl.java:[107,55] cannot find symbol
  symbol:   method selectAvailableByLotteryId(java.lang.Long)
  location: variable lotteryPrizeMapper of type com.group.admin.mapper.LotteryPrizeMapper
[ERROR] /c:/Users/user/OneDrive/Desktop/創業/KUJI-Server/admin/src/main/java/com/group/admin/service/impl/DrawServiceImpl.java:[133,22] cannot find symbol
  symbol:   method incrementDrawCount(java.lang.String)
  location: variable lotteryMapper of type com.group.admin.mapper.LotteryMapper
[ERROR] /c:/Users/user/OneDrive/Desktop/創業/KUJI-Server/admin/src/main/java/com/group/admin/service/impl/DrawServiceImpl.java:[139,48] cannot find symbol
  symbol:   method sumRemainingByLotteryId(java.lang.Long)
  location: variable lotteryPrizeMapper of type com.group.admin.mapper.LotteryPrizeMapper
[ERROR] /c:/Users/user/OneDrive/Desktop/創業/KUJI-Server/admin/src/main/java/com/group/admin/service/impl/DrawServiceImpl.java:[157,76] incompatible types: java.lang.Long cannot be converted to java.lang.String
[ERROR] /c:/Users/user/OneDrive/Desktop/創業/KUJI-Server/admin/src/main/java/com/group/admin/service/impl/DrawServiceImpl.java:[174,31] cannot find symbol
  symbol:   method selectById(java.lang.String)
  location: variable userMapper of type com.group.admin.mapper.UserMapper
[ERROR] /c:/Users/user/OneDrive/Desktop/創業/KUJI-Server/admin/src/main/java/com/group/admin/service/impl/DrawServiceImpl.java:[244,49] cannot find symbol
  symbol:   method sumRemainingByLotteryId(java.lang.Long)
  location: variable lotteryPrizeMapper of type com.group.admin.mapper.LotteryPrizeMapper
[ERROR] /c:/Users/user/OneDrive/Desktop/創業/KUJI-Server/admin/src/main/java/com/group/admin/service/impl/DrawServiceImpl.java:[260,76] incompatible types: java.lang.Long cannot be converted to java.lang.String
[ERROR] /c:/Users/user/OneDrive/Desktop/創業/KUJI-Server/admin/src/main/java/com/group/admin/service/impl/DrawServiceImpl.java:[285,55] cannot find symbol
  symbol:   method selectAvailableByLotteryId(java.lang.Long)
  location: variable lotteryPrizeMapper of type com.group.admin.mapper.LotteryPrizeMapper
[ERROR] /c:/Users/user/OneDrive/Desktop/創業/KUJI-Server/admin/src/main/java/com/group/admin/service/impl/DrawServiceImpl.java:[296,31] cannot find symbol
  symbol:   method selectById(java.lang.String)
  location: variable userMapper of type com.group.admin.mapper.UserMapper
[ERROR] /c:/Users/user/OneDrive/Desktop/創業/KUJI-Server/admin/src/main/java/com/group/admin/service/impl/DrawServiceImpl.java:[305,41] cannot find symbol
  symbol:   method decrementRemaining(java.lang.String)
  location: variable lotteryPrizeMapper of type com.group.admin.mapper.LotteryPrizeMapper
[ERROR] /c:/Users/user/OneDrive/Desktop/創業/KUJI-Server/admin/src/main/java/com/group/admin/service/impl/DrawServiceImpl.java:[323,22] cannot find symbol
  symbol:   method incrementDrawCount(java.lang.String)
  location: variable lotteryMapper of type com.group.admin.mapper.LotteryMapper
[ERROR] /c:/Users/user/OneDrive/Desktop/創業/KUJI-Server/admin/src/main/java/com/group/admin/service/impl/DrawServiceImpl.java:[329,48] cannot find symbol
  symbol:   method sumRemainingByLotteryId(java.lang.Long)
  location: variable lotteryPrizeMapper of type com.group.admin.mapper.LotteryPrizeMapper
[ERROR] /c:/Users/user/OneDrive/Desktop/創業/KUJI-Server/admin/src/main/java/com/group/admin/service/impl/DrawServiceImpl.java:[355,49] incompatible types: java.lang.String cannot be converted to java.lang.Long
[ERROR] /c:/Users/user/OneDrive/Desktop/創業/KUJI-Server/admin/src/main/java/com/group/admin/service/impl/DrawServiceImpl.java:[373,60] incompatible types: java.lang.Long cannot be converted to java.lang.String
[ERROR] /c:/Users/user/OneDrive/Desktop/創業/KUJI-Server/admin/src/main/java/com/group/admin/service/impl/DrawServiceImpl.java:[383,64] cannot find symbol
  symbol:   method selectAvailableByLotteryId(java.lang.Long)
  location: variable lotteryPrizeMapper of type com.group.admin.mapper.LotteryPrizeMapper
[ERROR] /c:/Users/user/OneDrive/Desktop/創業/KUJI-Server/admin/src/main/java/com/group/admin/service/impl/DrawServiceImpl.java:[384,45] cannot find symbol
  symbol:   method sumQuantityByLotteryId(java.lang.Long)
  location: variable lotteryPrizeMapper of type com.group.admin.mapper.LotteryPrizeMapper
[ERROR] /c:/Users/user/OneDrive/Desktop/創業/KUJI-Server/admin/src/main/java/com/group/admin/service/impl/DrawServiceImpl.java:[455,23] cannot find symbol
  symbol:   method updateBalance(java.lang.String,long,long)
  location: variable userMapper of type com.group.admin.mapper.UserMapper
[ERROR] /c:/Users/user/OneDrive/Desktop/創業/KUJI-Server/admin/src/main/java/com/group/admin/service/impl/DrawServiceImpl.java:[461,23] cannot find symbol
  symbol:   method updateBalance(java.lang.String,long,long)
  location: variable userMapper of type com.group.admin.mapper.UserMapper
[ERROR] /c:/Users/user/OneDrive/Desktop/創業/KUJI-Server/admin/src/main/java/com/group/admin/service/impl/DrawServiceImpl.java:[471,49] cannot find symbol
  symbol:   method decrementRemaining(java.lang.String)
  location: variable lotteryPrizeMapper of type com.group.admin.mapper.LotteryPrizeMapper
[ERROR] /c:/Users/user/OneDrive/Desktop/創業/KUJI-Server/admin/src/main/java/com/group/admin/service/impl/DrawServiceImpl.java:[500,53] cannot find symbol
  symbol:   method decrementRemaining(java.lang.String)
  location: variable lotteryPrizeMapper of type com.group.admin.mapper.LotteryPrizeMapper
[ERROR] /c:/Users/user/OneDrive/Desktop/創業/KUJI-Server/admin/src/main/java/com/group/admin/service/impl/DrawServiceImpl.java:[506,52] cannot find symbol
  symbol:   method selectAvailableByLotteryId(java.lang.Long)
  location: variable lotteryPrizeMapper of type com.group.admin.mapper.LotteryPrizeMapper
[ERROR] /c:/Users/user/OneDrive/Desktop/創業/KUJI-Server/admin/src/main/java/com/group/admin/service/impl/DrawServiceImpl.java:[520,28] incompatible types: java.lang.Long cannot be converted to java.lang.String
[ERROR] /c:/Users/user/OneDrive/Desktop/創業/KUJI-Server/admin/src/main/java/com/group/admin/service/impl/DrawServiceImpl.java:[539,26] incompatible types: java.lang.Long cannot be converted to java.lang.String
[ERROR] /c:/Users/user/OneDrive/Desktop/創業/KUJI-Server/admin/src/main/java/com/group/admin/service/impl/DrawServiceImpl.java:[566,53] cannot find symbol
  symbol:   method countGrandPrizeRemaining(java.lang.String)
  location: variable lotteryPrizeMapper of type com.group.admin.mapper.LotteryPrizeMapper
[ERROR] /c:/Users/user/OneDrive/Desktop/創業/KUJI-Server/admin/src/main/java/com/group/admin/service/impl/DrawServiceImpl.java:[586,37] incompatible types: java.lang.String cannot be converted to java.lang.Long
[ERROR] /c:/Users/user/OneDrive/Desktop/創業/KUJI-Server/admin/src/main/java/com/group/admin/service/impl/DrawServiceImpl.java:[587,39] incompatible types: java.lang.String cannot be converted to java.lang.Long
[ERROR] /c:/Users/user/OneDrive/Desktop/創業/KUJI-Server/admin/src/main/java/com/group/admin/service/impl/DrawServiceImpl.java:[589,35] incompatible types: java.lang.String cannot be converted to java.lang.Long
[ERROR] /c:/Users/user/OneDrive/Desktop/創業/KUJI-Server/admin/src/main/java/com/group/admin/controller/AdminLotteryController.java:[46,57] incompatible types: java.lang.String cannot be converted to java.lang.Long
[ERROR] /c:/Users/user/OneDrive/Desktop/創業/KUJI-Server/admin/src/main/java/com/group/admin/controller/AdminLotteryController.java:[58,57] incompatible types: java.lang.String cannot be converted to java.lang.Long
[ERROR] /c:/Users/user/OneDrive/Desktop/創業/KUJI-Server/admin/src/main/java/com/group/admin/controller/AdminLotteryController.java:[70,57] incompatible types: java.lang.String cannot be converted to java.lang.Long
[ERROR] /c:/Users/user/OneDrive/Desktop/創業/KUJI-Server/admin/src/main/java/com/group/admin/controller/AdminLotteryController.java:[124,57] incompatible types: java.lang.String cannot be converted to java.lang.Long
[ERROR] /c:/Users/user/OneDrive/Desktop/創業/KUJI-Server/admin/src/main/java/com/group/admin/controller/AdminLotteryController.java:[136,57] incompatible types: java.lang.String cannot be converted to java.lang.Long
[ERROR] /c:/Users/user/OneDrive/Desktop/創業/KUJI-Server/admin/src/main/java/com/group/admin/controller/AdminLotteryController.java:[149,57] incompatible types: java.lang.String cannot be converted to java.lang.Long
[ERROR] /c:/Users/user/OneDrive/Desktop/創業/KUJI-Server/admin/src/main/java/com/group/admin/service/impl/LotteryServiceImpl.java:[43,8] com.group.admin.service.impl.LotteryServiceImpl is not abstract and does not override abstract method draw(java.lang.String,java.lang.String,java.lang.String) in com.group.admin.service.LotteryService
[ERROR] /c:/Users/user/OneDrive/Desktop/創業/KUJI-Server/admin/src/main/java/com/group/admin/service/impl/LotteryServiceImpl.java:[62,42] incompatible types: java.lang.Long cannot be converted to java.lang.String
[ERROR] /c:/Users/user/OneDrive/Desktop/創業/KUJI-Server/admin/src/main/java/com/group/admin/service/impl/LotteryServiceImpl.java:[90,30] incompatible types: java.lang.Long cannot be converted to java.lang.String
[ERROR] /c:/Users/user/OneDrive/Desktop/創業/KUJI-Server/admin/src/main/java/com/group/admin/service/impl/LotteryServiceImpl.java:[96,44] incompatible types: java.lang.String cannot be converted to java.lang.Long
[ERROR] /c:/Users/user/OneDrive/Desktop/創業/KUJI-Server/admin/src/main/java/com/group/admin/service/impl/LotteryServiceImpl.java:[104,69] incompatible types: java.lang.Long cannot be converted to java.lang.String
[ERROR] /c:/Users/user/OneDrive/Desktop/創業/KUJI-Server/admin/src/main/java/com/group/admin/service/impl/LotteryServiceImpl.java:[153,60] incompatible types: java.lang.Long cannot be converted to java.lang.String
[ERROR] /c:/Users/user/OneDrive/Desktop/創業/KUJI-Server/admin/src/main/java/com/group/admin/service/impl/LotteryServiceImpl.java:[166,27] cannot find symbol
  symbol:   method deleteByLotteryId(java.lang.Long)
  location: variable lotteryPrizeMapper of type com.group.admin.mapper.LotteryPrizeMapper
[ERROR] /c:/Users/user/OneDrive/Desktop/創業/KUJI-Server/admin/src/main/java/com/group/admin/service/impl/LotteryServiceImpl.java:[169,42] incompatible types: java.lang.Long cannot be converted to java.lang.String
[ERROR] /c:/Users/user/OneDrive/Desktop/創業/KUJI-Server/admin/src/main/java/com/group/admin/service/impl/LotteryServiceImpl.java:[175,60] incompatible types: java.lang.Long cannot be converted to java.lang.String
[ERROR] /c:/Users/user/OneDrive/Desktop/創業/KUJI-Server/admin/src/main/java/com/group/admin/service/impl/LotteryServiceImpl.java:[186,48] cannot find symbol
  symbol:   method selectByPage(java.lang.Long,java.lang.String,java.lang.String,java.lang.String,int,java.lang.Integer,java.lang.String,java.lang.String)
  location: variable lotteryMapper of type com.group.admin.mapper.LotteryMapper
[ERROR] /c:/Users/user/OneDrive/Desktop/創業/KUJI-Server/admin/src/main/java/com/group/admin/service/impl/LotteryServiceImpl.java:[197,35] cannot find symbol
  symbol:   method countByCondition(java.lang.Long,java.lang.String,java.lang.String,java.lang.String)
  location: variable lotteryMapper of type com.group.admin.mapper.LotteryMapper
[ERROR] /c:/Users/user/OneDrive/Desktop/創業/KUJI-Server/admin/src/main/java/com/group/admin/service/impl/LotteryServiceImpl.java:[224,60] incompatible types: java.lang.Long cannot be converted to java.lang.String
[ERROR] /c:/Users/user/OneDrive/Desktop/創業/KUJI-Server/admin/src/main/java/com/group/admin/service/impl/LotteryServiceImpl.java:[230,44] cannot find symbol
  symbol:   method sumQuantityByLotteryId(java.lang.Long)
  location: variable lotteryPrizeMapper of type com.group.admin.mapper.LotteryPrizeMapper
[ERROR] /c:/Users/user/OneDrive/Desktop/創業/KUJI-Server/admin/src/main/java/com/group/admin/service/impl/LotteryServiceImpl.java:[247,60] incompatible types: java.lang.Long cannot be converted to java.lang.String
[ERROR] /c:/Users/user/OneDrive/Desktop/創業/KUJI-Server/admin/src/main/java/com/group/admin/service/impl/LotteryServiceImpl.java:[264,60] incompatible types: java.lang.Long cannot be converted to java.lang.String
[ERROR] /c:/Users/user/OneDrive/Desktop/創業/KUJI-Server/admin/src/main/java/com/group/admin/service/impl/LotteryServiceImpl.java:[281,5] method does not override or implement a method from a supertype
[ERROR] /c:/Users/user/OneDrive/Desktop/創業/KUJI-Server/admin/src/main/java/com/group/admin/service/impl/LotteryServiceImpl.java:[284,40] cannot find symbol
  symbol:   method selectById(java.lang.String)
  location: variable lotteryMapper of type com.group.admin.mapper.LotteryMapper
[ERROR] /c:/Users/user/OneDrive/Desktop/創業/KUJI-Server/admin/src/main/java/com/group/admin/service/impl/LotteryServiceImpl.java:[295,31] cannot find symbol
  symbol:   method selectById(java.lang.String)
  location: variable userMapper of type com.group.admin.mapper.UserMapper
[ERROR] /c:/Users/user/OneDrive/Desktop/創業/KUJI-Server/admin/src/main/java/com/group/admin/service/impl/LotteryServiceImpl.java:[312,55] cannot find symbol
  symbol:   method selectByLotteryId(java.lang.String)
  location: variable lotteryPrizeMapper of type com.group.admin.mapper.LotteryPrizeMapper
[ERROR] /c:/Users/user/OneDrive/Desktop/創業/KUJI-Server/admin/src/main/java/com/group/admin/service/impl/LotteryServiceImpl.java:[316,26] cannot find symbol
  symbol:   method update(com.group.admin.entity.Lottery)
  location: variable lotteryMapper of type com.group.admin.mapper.LotteryMapper
[ERROR] /c:/Users/user/OneDrive/Desktop/創業/KUJI-Server/admin/src/main/java/com/group/admin/service/impl/LotteryServiceImpl.java:[323,26] cannot find symbol
  symbol:   method update(com.group.admin.entity.Lottery)
  location: variable lotteryMapper of type com.group.admin.mapper.LotteryMapper
[ERROR] /c:/Users/user/OneDrive/Desktop/創業/KUJI-Server/admin/src/main/java/com/group/admin/service/impl/LotteryServiceImpl.java:[334,23] cannot find symbol
  symbol:   method updateBalance(java.lang.String,long,long)
  location: variable userMapper of type com.group.admin.mapper.UserMapper
[ERROR] /c:/Users/user/OneDrive/Desktop/創業/KUJI-Server/admin/src/main/java/com/group/admin/service/impl/LotteryServiceImpl.java:[336,23] cannot find symbol
  symbol:   method updateBalance(java.lang.String,long,long)
  location: variable userMapper of type com.group.admin.mapper.UserMapper
[ERROR] /c:/Users/user/OneDrive/Desktop/創業/KUJI-Server/admin/src/main/java/com/group/admin/service/impl/LotteryServiceImpl.java:[341,23] incompatible types: java.lang.Long cannot be converted to java.lang.String
[ERROR] /c:/Users/user/OneDrive/Desktop/創業/KUJI-Server/admin/src/main/java/com/group/admin/service/impl/LotteryServiceImpl.java:[355,41] incompatible types: java.lang.Long cannot be converted to java.lang.String
[ERROR] /c:/Users/user/OneDrive/Desktop/創業/KUJI-Server/admin/src/main/java/com/group/admin/service/impl/LotteryServiceImpl.java:[356,26] incompatible types: java.lang.Long cannot be converted to java.lang.String
[ERROR] /c:/Users/user/OneDrive/Desktop/創業/KUJI-Server/admin/src/main/java/com/group/admin/service/impl/LotteryServiceImpl.java:[365,22] cannot find symbol
  symbol:   method incrementDrawCount(java.lang.String)
  location: variable lotteryMapper of type com.group.admin.mapper.LotteryMapper
[ERROR] /c:/Users/user/OneDrive/Desktop/創業/KUJI-Server/admin/src/main/java/com/group/admin/service/impl/LotteryServiceImpl.java:[378,40] cannot find symbol
  symbol:   method selectById(java.lang.String)
  location: variable lotteryMapper of type com.group.admin.mapper.LotteryMapper
[ERROR] /c:/Users/user/OneDrive/Desktop/創業/KUJI-Server/admin/src/main/java/com/group/admin/service/impl/LotteryServiceImpl.java:[418,60] incompatible types: java.lang.Long cannot be converted to java.lang.String
[ERROR] /c:/Users/user/OneDrive/Desktop/創業/KUJI-Server/admin/src/main/java/com/group/admin/service/impl/LotteryServiceImpl.java:[431,60] incompatible types: java.lang.Long cannot be converted to java.lang.String
[ERROR] /c:/Users/user/OneDrive/Desktop/創業/KUJI-Server/admin/src/main/java/com/group/admin/service/impl/LotteryServiceImpl.java:[450,53] cannot find symbol
  symbol:   method countGrandPrizeRemaining(java.lang.Long)
  location: variable lotteryPrizeMapper of type com.group.admin.mapper.LotteryPrizeMapper
[ERROR] /c:/Users/user/OneDrive/Desktop/創業/KUJI-Server/admin/src/main/java/com/group/admin/service/impl/LotteryServiceImpl.java:[463,34] cannot find symbol
  symbol:   method sumRemainingByLotteryId(java.lang.Long)
  location: variable lotteryPrizeMapper of type com.group.admin.mapper.LotteryPrizeMapper
[ERROR] /c:/Users/user/OneDrive/Desktop/創業/KUJI-Server/admin/src/main/java/com/group/admin/service/impl/LotteryServiceImpl.java:[469,52] cannot find symbol
  symbol:   method sumQuantityByLotteryId(java.lang.Long)
  location: variable lotteryPrizeMapper of type com.group.admin.mapper.LotteryPrizeMapper
[ERROR] /c:/Users/user/OneDrive/Desktop/創業/KUJI-Server/admin/src/main/java/com/group/admin/service/impl/LotteryServiceImpl.java:[470,56] cannot find symbol
  symbol:   method sumRemainingByLotteryId(java.lang.Long)
  location: variable lotteryPrizeMapper of type com.group.admin.mapper.LotteryPrizeMapper
[ERROR] /c:/Users/user/OneDrive/Desktop/創業/KUJI-Server/admin/src/main/java/com/group/admin/service/impl/LotteryServiceImpl.java:[471,60] cannot find symbol
  symbol:   method countGrandPrizeRemaining(java.lang.Long)
  location: variable lotteryPrizeMapper of type com.group.admin.mapper.LotteryPrizeMapper
[ERROR] /c:/Users/user/OneDrive/Desktop/創業/KUJI-Server/admin/src/main/java/com/group/admin/service/impl/LotteryServiceImpl.java:[498,53] cannot find symbol
  symbol:   method decrementRemaining(java.lang.String)
  location: variable lotteryPrizeMapper of type com.group.admin.mapper.LotteryPrizeMapper
[ERROR] /c:/Users/user/OneDrive/Desktop/創業/KUJI-Server/admin/src/main/java/com/group/admin/service/impl/LotteryServiceImpl.java:[503,52] cannot find symbol
  symbol:   method selectByLotteryId(java.lang.String)
  location: variable lotteryPrizeMapper of type com.group.admin.mapper.LotteryPrizeMapper
[ERROR] /c:/Users/user/OneDrive/Desktop/創業/KUJI-Server/admin/src/main/java/com/group/admin/service/impl/LotteryServiceImpl.java:[517,32] incompatible types: java.lang.String cannot be converted to java.lang.Long
[ERROR] /c:/Users/user/OneDrive/Desktop/創業/KUJI-Server/admin/src/main/java/com/group/admin/service/impl/LotteryServiceImpl.java:[518,42] incompatible types: java.lang.String cannot be converted to java.lang.Long
[ERROR] /c:/Users/user/OneDrive/Desktop/創業/KUJI-Server/admin/src/main/java/com/group/admin/service/impl/LotteryServiceImpl.java:[539,49] cannot find symbol
  symbol:   method sumRemainingByLotteryId(java.lang.String)
  location: variable lotteryPrizeMapper of type com.group.admin.mapper.LotteryPrizeMapper
[ERROR] /c:/Users/user/OneDrive/Desktop/創業/KUJI-Server/admin/src/main/java/com/group/admin/service/impl/LotteryServiceImpl.java:[544,46] incompatible types: java.lang.String cannot be converted to java.lang.Long
[ERROR] /c:/Users/user/OneDrive/Desktop/創業/KUJI-Server/admin/src/main/java/com/group/admin/service/impl/LotteryServiceImpl.java:[548,46] cannot find symbol
  symbol:   method sumQuantityByLotteryId(java.lang.String)
  location: variable lotteryPrizeMapper of type com.group.admin.mapper.LotteryPrizeMapper
[ERROR] /c:/Users/user/OneDrive/Desktop/創業/KUJI-Server/admin/src/main/java/com/group/admin/service/impl/LotteryServiceImpl.java:[549,50] cannot find symbol
  symbol:   method sumRemainingByLotteryId(java.lang.String)
  location: variable lotteryPrizeMapper of type com.group.admin.mapper.LotteryPrizeMapper
[ERROR] /c:/Users/user/OneDrive/Desktop/創業/KUJI-Server/admin/src/main/java/com/group/admin/service/impl/LotteryServiceImpl.java:[555,32] incompatible types: java.lang.String cannot be converted to java.lang.Long
[ERROR] /c:/Users/user/OneDrive/Desktop/創業/KUJI-Server/admin/src/main/java/com/group/admin/service/impl/LotteryServiceImpl.java:[556,42] incompatible types: java.lang.String cannot be converted to java.lang.Long
[ERROR] /c:/Users/user/OneDrive/Desktop/創業/KUJI-Server/admin/src/main/java/com/group/admin/service/impl/LotteryServiceImpl.java:[566,49] cannot find symbol
  symbol:   method sumRemainingByLotteryId(java.lang.String)
  location: variable lotteryPrizeMapper of type com.group.admin.mapper.LotteryPrizeMapper
[ERROR] /c:/Users/user/OneDrive/Desktop/創業/KUJI-Server/admin/src/main/java/com/group/admin/service/impl/LotteryServiceImpl.java:[567,46] cannot find symbol
  symbol:   method sumQuantityByLotteryId(java.lang.String)
  location: variable lotteryPrizeMapper of type com.group.admin.mapper.LotteryPrizeMapper
[ERROR] /c:/Users/user/OneDrive/Desktop/創業/KUJI-Server/admin/src/main/java/com/group/admin/service/impl/LotteryServiceImpl.java:[568,50] cannot find symbol
  symbol:   method sumRemainingByLotteryId(java.lang.String)
  location: variable lotteryPrizeMapper of type com.group.admin.mapper.LotteryPrizeMapper
[ERROR] /c:/Users/user/OneDrive/Desktop/創業/KUJI-Server/admin/src/main/java/com/group/admin/aop/PermissionAspect.java:[129,50] cannot find symbol
  symbol:   method selectByUsername(java.lang.String)
  location: variable adminUserMapper of type com.group.admin.mapper.AdminUserMapper
[ERROR] /c:/Users/user/OneDrive/Desktop/創業/KUJI-Server/admin/src/main/java/com/group/admin/aop/PermissionAspect.java:[134,40] cannot find symbol
  symbol:   method selectByEmail(java.lang.String)
  location: variable adminUserMapper of type com.group.admin.mapper.AdminUserMapper
[ERROR] /c:/Users/user/OneDrive/Desktop/創業/KUJI-Server/admin/src/main/java/com/group/admin/filter/JwtAuthenticationFilter.java:[60,66] cannot find symbol
  symbol:   method selectByUsername(java.lang.String)
  location: variable adminUserMapper of type com.group.admin.mapper.AdminUserMapper
[ERROR] /c:/Users/user/OneDrive/Desktop/創業/KUJI-Server/admin/src/main/java/com/group/admin/filter/JwtAuthenticationFilter.java:[63,88] cannot find symbol
  symbol:   method selectByAdminId(java.lang.String)
  location: variable adminUserRoleMapper of type com.group.admin.mapper.AdminUserRoleMapper
[ERROR] /c:/Users/user/OneDrive/Desktop/創業/KUJI-Server/admin/src/main/java/com/group/admin/filter/JwtAuthenticationFilter.java:[78,62] cannot find symbol
  symbol:   method selectByEmail(java.lang.String)
  location: variable userMapper of type com.group.admin.mapper.UserMapper
[ERROR] /c:/Users/user/OneDrive/Desktop/創業/KUJI-Server/admin/src/main/java/com/group/admin/service/impl/LotteryLockServiceImpl.java:[44,50] incompatible types: java.lang.String cannot be converted to java.lang.Long
[ERROR] /c:/Users/user/OneDrive/Desktop/創業/KUJI-Server/admin/src/main/java/com/group/admin/service/impl/LotteryLockServiceImpl.java:[57,59] incompatible types: java.lang.String cannot be converted to java.lang.Long
[ERROR] /c:/Users/user/OneDrive/Desktop/創業/KUJI-Server/admin/src/main/java/com/group/admin/service/impl/LotteryLockServiceImpl.java:[72,62] incompatible types: java.lang.String cannot be converted to java.lang.Long
[ERROR] /c:/Users/user/OneDrive/Desktop/創業/KUJI-Server/admin/src/main/java/com/group/admin/service/impl/LotteryLockServiceImpl.java:[86,27] incompatible types: java.lang.Long cannot be converted to java.lang.String
[ERROR] /c:/Users/user/OneDrive/Desktop/創業/KUJI-Server/admin/src/main/java/com/group/admin/service/impl/LotteryLockServiceImpl.java:[87,24] incompatible types: java.lang.Long cannot be converted to java.lang.String
[ERROR] /c:/Users/user/OneDrive/Desktop/創業/KUJI-Server/admin/src/main/java/com/group/admin/service/impl/LotteryLockServiceImpl.java:[102,26] cannot find symbol
  symbol:   method deactivate(java.lang.Long,java.lang.Long)
  location: variable lotteryLockMapper of type com.group.admin.mapper.LotteryLockMapper
[ERROR] /c:/Users/user/OneDrive/Desktop/創業/KUJI-Server/admin/src/main/java/com/group/admin/service/impl/LotteryLockServiceImpl.java:[109,38] cannot find symbol
  symbol:   method cleanExpired()
  location: variable lotteryLockMapper of type com.group.admin.mapper.LotteryLockMapper
[ERROR] /c:/Users/user/OneDrive/Desktop/創業/KUJI-Server/admin/src/main/java/com/group/admin/service/impl/LotteryLockServiceImpl.java:[115,33] cannot find symbol
  symbol:   method selectActiveLock(java.lang.Long)
  location: variable lotteryLockMapper of type com.group.admin.mapper.LotteryLockMapper
[INFO] 100 errors 
[INFO] -------------------------------------------------------------
[INFO] ------------------------------------------------------------------------
[INFO] BUILD FAILURE
[INFO] ------------------------------------------------------------------------
[INFO] Total time:  6.745 s
[INFO] Finished at: 2025-12-20T01:54:11+08:00
[INFO] ------------------------------------------------------------------------
[ERROR] Failed to execute goal org.apache.maven.plugins:maven-compiler-plugin:3.11.0:compile (default-compile) on project admin: Compilation failure: Compilation failure: 
[ERROR] /c:/Users/user/OneDrive/Desktop/創業/KUJI-Server/admin/src/main/java/com/group/admin/controller/LotteryDrawController.java:[54,53] incompatible types: java.lang.String cannot be converted to java.lang.Long
[ERROR] /c:/Users/user/OneDrive/Desktop/創業/KUJI-Server/admin/src/main/java/com/group/admin/controller/LotteryDrawController.java:[75,53] incompatible types: java.lang.String cannot be converted to java.lang.Long
[ERROR] /c:/Users/user/OneDrive/Desktop/創業/KUJI-Server/admin/src/main/java/com/group/admin/controller/LotteryDrawController.java:[96,53] incompatible types: java.lang.String cannot be converted to java.lang.Long
[ERROR] /c:/Users/user/OneDrive/Desktop/創業/KUJI-Server/admin/src/main/java/com/group/admin/controller/LotteryDrawController.java:[127,53] incompatible types: java.lang.String cannot be converted to java.lang.Long
[ERROR] /c:/Users/user/OneDrive/Desktop/創業/KUJI-Server/admin/src/main/java/com/group/admin/service/impl/DrawServiceImpl.java:[74,76] incompatible types: java.lang.Long cannot be converted to java.lang.String
[ERROR] /c:/Users/user/OneDrive/Desktop/創業/KUJI-Server/admin/src/main/java/com/group/admin/service/impl/DrawServiceImpl.java:[98,31] cannot find symbol
[ERROR]   symbol:   method selectById(java.lang.String)
[ERROR]   location: variable userMapper of type com.group.admin.mapper.UserMapper
[ERROR] /c:/Users/user/OneDrive/Desktop/創業/KUJI-Server/admin/src/main/java/com/group/admin/service/impl/DrawServiceImpl.java:[107,55] cannot find symbol
[ERROR]   symbol:   method selectAvailableByLotteryId(java.lang.Long)
[ERROR]   location: variable lotteryPrizeMapper of type com.group.admin.mapper.LotteryPrizeMapper
[ERROR] /c:/Users/user/OneDrive/Desktop/創業/KUJI-Server/admin/src/main/java/com/group/admin/service/impl/DrawServiceImpl.java:[133,22] cannot find symbol
[ERROR]   symbol:   method incrementDrawCount(java.lang.String)
[ERROR]   location: variable lotteryMapper of type com.group.admin.mapper.LotteryMapper
[ERROR] /c:/Users/user/OneDrive/Desktop/創業/KUJI-Server/admin/src/main/java/com/group/admin/service/impl/DrawServiceImpl.java:[139,48] cannot find symbol
[ERROR]   symbol:   method sumRemainingByLotteryId(java.lang.Long)
[ERROR]   location: variable lotteryPrizeMapper of type com.group.admin.mapper.LotteryPrizeMapper
[ERROR] /c:/Users/user/OneDrive/Desktop/創業/KUJI-Server/admin/src/main/java/com/group/admin/service/impl/DrawServiceImpl.java:[157,76] incompatible types: java.lang.Long cannot be converted to java.lang.String
[ERROR] /c:/Users/user/OneDrive/Desktop/創業/KUJI-Server/admin/src/main/java/com/group/admin/service/impl/DrawServiceImpl.java:[174,31] cannot find symbol
[ERROR]   symbol:   method selectById(java.lang.String)
[ERROR]   location: variable userMapper of type com.group.admin.mapper.UserMapper
[ERROR] /c:/Users/user/OneDrive/Desktop/創業/KUJI-Server/admin/src/main/java/com/group/admin/service/impl/DrawServiceImpl.java:[244,49] cannot find symbol
[ERROR]   symbol:   method sumRemainingByLotteryId(java.lang.Long)
[ERROR]   location: variable lotteryPrizeMapper of type com.group.admin.mapper.LotteryPrizeMapper
[ERROR] /c:/Users/user/OneDrive/Desktop/創業/KUJI-Server/admin/src/main/java/com/group/admin/service/impl/DrawServiceImpl.java:[260,76] incompatible types: java.lang.Long cannot be converted to java.lang.String
[ERROR] /c:/Users/user/OneDrive/Desktop/創業/KUJI-Server/admin/src/main/java/com/group/admin/service/impl/DrawServiceImpl.java:[285,55] cannot find symbol
[ERROR]   symbol:   method selectAvailableByLotteryId(java.lang.Long)
[ERROR]   location: variable lotteryPrizeMapper of type com.group.admin.mapper.LotteryPrizeMapper
[ERROR] /c:/Users/user/OneDrive/Desktop/創業/KUJI-Server/admin/src/main/java/com/group/admin/service/impl/DrawServiceImpl.java:[296,31] cannot find symbol
[ERROR]   symbol:   method selectById(java.lang.String)
[ERROR]   location: variable userMapper of type com.group.admin.mapper.UserMapper
[ERROR] /c:/Users/user/OneDrive/Desktop/創業/KUJI-Server/admin/src/main/java/com/group/admin/service/impl/DrawServiceImpl.java:[305,41] cannot find symbol
[ERROR]   symbol:   method decrementRemaining(java.lang.String)
[ERROR]   location: variable lotteryPrizeMapper of type com.group.admin.mapper.LotteryPrizeMapper
[ERROR] /c:/Users/user/OneDrive/Desktop/創業/KUJI-Server/admin/src/main/java/com/group/admin/service/impl/DrawServiceImpl.java:[323,22] cannot find symbol
[ERROR]   symbol:   method incrementDrawCount(java.lang.String)
[ERROR]   location: variable lotteryMapper of type com.group.admin.mapper.LotteryMapper
[ERROR] /c:/Users/user/OneDrive/Desktop/創業/KUJI-Server/admin/src/main/java/com/group/admin/service/impl/DrawServiceImpl.java:[329,48] cannot find symbol
[ERROR]   symbol:   method sumRemainingByLotteryId(java.lang.Long)
[ERROR]   location: variable lotteryPrizeMapper of type com.group.admin.mapper.LotteryPrizeMapper
[ERROR] /c:/Users/user/OneDrive/Desktop/創業/KUJI-Server/admin/src/main/java/com/group/admin/service/impl/DrawServiceImpl.java:[355,49] incompatible types: java.lang.String cannot be converted to java.lang.Long
[ERROR] /c:/Users/user/OneDrive/Desktop/創業/KUJI-Server/admin/src/main/java/com/group/admin/service/impl/DrawServiceImpl.java:[373,60] incompatible types: java.lang.Long cannot be converted to java.lang.String
[ERROR] /c:/Users/user/OneDrive/Desktop/創業/KUJI-Server/admin/src/main/java/com/group/admin/service/impl/DrawServiceImpl.java:[383,64] cannot find symbol
[ERROR]   symbol:   method selectAvailableByLotteryId(java.lang.Long)
[ERROR]   location: variable lotteryPrizeMapper of type com.group.admin.mapper.LotteryPrizeMapper
[ERROR] /c:/Users/user/OneDrive/Desktop/創業/KUJI-Server/admin/src/main/java/com/group/admin/service/impl/DrawServiceImpl.java:[384,45] cannot find symbol
[ERROR]   symbol:   method sumQuantityByLotteryId(java.lang.Long)
[ERROR]   location: variable lotteryPrizeMapper of type com.group.admin.mapper.LotteryPrizeMapper
[ERROR] /c:/Users/user/OneDrive/Desktop/創業/KUJI-Server/admin/src/main/java/com/group/admin/service/impl/DrawServiceImpl.java:[455,23] cannot find symbol
[ERROR]   symbol:   method updateBalance(java.lang.String,long,long)
[ERROR]   location: variable userMapper of type com.group.admin.mapper.UserMapper
[ERROR] /c:/Users/user/OneDrive/Desktop/創業/KUJI-Server/admin/src/main/java/com/group/admin/service/impl/DrawServiceImpl.java:[461,23] cannot find symbol
[ERROR]   symbol:   method updateBalance(java.lang.String,long,long)
[ERROR]   location: variable userMapper of type com.group.admin.mapper.UserMapper
[ERROR] /c:/Users/user/OneDrive/Desktop/創業/KUJI-Server/admin/src/main/java/com/group/admin/service/impl/DrawServiceImpl.java:[471,49] cannot find symbol
[ERROR]   symbol:   method decrementRemaining(java.lang.String)
[ERROR]   location: variable lotteryPrizeMapper of type com.group.admin.mapper.LotteryPrizeMapper
[ERROR] /c:/Users/user/OneDrive/Desktop/創業/KUJI-Server/admin/src/main/java/com/group/admin/service/impl/DrawServiceImpl.java:[500,53] cannot find symbol
[ERROR]   symbol:   method decrementRemaining(java.lang.String)
[ERROR]   location: variable lotteryPrizeMapper of type com.group.admin.mapper.LotteryPrizeMapper
[ERROR] /c:/Users/user/OneDrive/Desktop/創業/KUJI-Server/admin/src/main/java/com/group/admin/service/impl/DrawServiceImpl.java:[506,52] cannot find symbol
[ERROR]   symbol:   method selectAvailableByLotteryId(java.lang.Long)
[ERROR]   location: variable lotteryPrizeMapper of type com.group.admin.mapper.LotteryPrizeMapper
[ERROR] /c:/Users/user/OneDrive/Desktop/創業/KUJI-Server/admin/src/main/java/com/group/admin/service/impl/DrawServiceImpl.java:[520,28] incompatible types: java.lang.Long cannot be converted to java.lang.String
[ERROR] /c:/Users/user/OneDrive/Desktop/創業/KUJI-Server/admin/src/main/java/com/group/admin/service/impl/DrawServiceImpl.java:[539,26] incompatible types: java.lang.Long cannot be converted to java.lang.String
[ERROR] /c:/Users/user/OneDrive/Desktop/創業/KUJI-Server/admin/src/main/java/com/group/admin/service/impl/DrawServiceImpl.java:[566,53] cannot find symbol
[ERROR]   symbol:   method countGrandPrizeRemaining(java.lang.String)
[ERROR]   location: variable lotteryPrizeMapper of type com.group.admin.mapper.LotteryPrizeMapper
[ERROR] /c:/Users/user/OneDrive/Desktop/創業/KUJI-Server/admin/src/main/java/com/group/admin/service/impl/DrawServiceImpl.java:[586,37] incompatible types: java.lang.String cannot be converted to java.lang.Long
[ERROR] /c:/Users/user/OneDrive/Desktop/創業/KUJI-Server/admin/src/main/java/com/group/admin/service/impl/DrawServiceImpl.java:[587,39] incompatible types: java.lang.String cannot be converted to java.lang.Long
[ERROR] /c:/Users/user/OneDrive/Desktop/創業/KUJI-Server/admin/src/main/java/com/group/admin/service/impl/DrawServiceImpl.java:[589,35] incompatible types: java.lang.String cannot be converted to java.lang.Long
[ERROR] /c:/Users/user/OneDrive/Desktop/創業/KUJI-Server/admin/src/main/java/com/group/admin/controller/AdminLotteryController.java:[46,57] incompatible types: java.lang.String cannot be converted to java.lang.Long
[ERROR] /c:/Users/user/OneDrive/Desktop/創業/KUJI-Server/admin/src/main/java/com/group/admin/controller/AdminLotteryController.java:[58,57] incompatible types: java.lang.String cannot be converted to java.lang.Long
[ERROR] /c:/Users/user/OneDrive/Desktop/創業/KUJI-Server/admin/src/main/java/com/group/admin/controller/AdminLotteryController.java:[70,57] incompatible types: java.lang.String cannot be converted to java.lang.Long
[ERROR] /c:/Users/user/OneDrive/Desktop/創業/KUJI-Server/admin/src/main/java/com/group/admin/controller/AdminLotteryController.java:[124,57] incompatible types: java.lang.String cannot be converted to java.lang.Long
[ERROR] /c:/Users/user/OneDrive/Desktop/創業/KUJI-Server/admin/src/main/java/com/group/admin/controller/AdminLotteryController.java:[136,57] incompatible types: java.lang.String cannot be converted to java.lang.Long
[ERROR] /c:/Users/user/OneDrive/Desktop/創業/KUJI-Server/admin/src/main/java/com/group/admin/controller/AdminLotteryController.java:[149,57] incompatible types: java.lang.String cannot be converted to java.lang.Long
[ERROR] /c:/Users/user/OneDrive/Desktop/創業/KUJI-Server/admin/src/main/java/com/group/admin/service/impl/LotteryServiceImpl.java:[43,8] com.group.admin.service.impl.LotteryServiceImpl is not abstract and does not override abstract method draw(java.lang.String,java.lang.String,java.lang.String) in com.group.admin.service.LotteryService
[ERROR] /c:/Users/user/OneDrive/Desktop/創業/KUJI-Server/admin/src/main/java/com/group/admin/service/impl/LotteryServiceImpl.java:[62,42] incompatible types: java.lang.Long cannot be converted to java.lang.String
[ERROR] /c:/Users/user/OneDrive/Desktop/創業/KUJI-Server/admin/src/main/java/com/group/admin/service/impl/LotteryServiceImpl.java:[90,30] incompatible types: java.lang.Long cannot be converted to java.lang.String
[ERROR] /c:/Users/user/OneDrive/Desktop/創業/KUJI-Server/admin/src/main/java/com/group/admin/service/impl/LotteryServiceImpl.java:[96,44] incompatible types: java.lang.String cannot be converted to java.lang.Long
[ERROR] /c:/Users/user/OneDrive/Desktop/創業/KUJI-Server/admin/src/main/java/com/group/admin/service/impl/LotteryServiceImpl.java:[104,69] incompatible types: java.lang.Long cannot be converted to java.lang.String
[ERROR] /c:/Users/user/OneDrive/Desktop/創業/KUJI-Server/admin/src/main/java/com/group/admin/service/impl/LotteryServiceImpl.java:[153,60] incompatible types: java.lang.Long cannot be converted to java.lang.String
[ERROR] /c:/Users/user/OneDrive/Desktop/創業/KUJI-Server/admin/src/main/java/com/group/admin/service/impl/LotteryServiceImpl.java:[166,27] cannot find symbol
[ERROR]   symbol:   method deleteByLotteryId(java.lang.Long)
[ERROR]   location: variable lotteryPrizeMapper of type com.group.admin.mapper.LotteryPrizeMapper
[ERROR] /c:/Users/user/OneDrive/Desktop/創業/KUJI-Server/admin/src/main/java/com/group/admin/service/impl/LotteryServiceImpl.java:[169,42] incompatible types: java.lang.Long cannot be converted to java.lang.String
[ERROR] /c:/Users/user/OneDrive/Desktop/創業/KUJI-Server/admin/src/main/java/com/group/admin/service/impl/LotteryServiceImpl.java:[175,60] incompatible types: java.lang.Long cannot be converted to java.lang.String
[ERROR] /c:/Users/user/OneDrive/Desktop/創業/KUJI-Server/admin/src/main/java/com/group/admin/service/impl/LotteryServiceImpl.java:[186,48] cannot find symbol
[ERROR]   symbol:   method selectByPage(java.lang.Long,java.lang.String,java.lang.String,java.lang.String,int,java.lang.Integer,java.lang.String,java.lang.String)
[ERROR]   location: variable lotteryMapper of type com.group.admin.mapper.LotteryMapper
[ERROR] /c:/Users/user/OneDrive/Desktop/創業/KUJI-Server/admin/src/main/java/com/group/admin/service/impl/LotteryServiceImpl.java:[197,35] cannot find symbol
[ERROR]   symbol:   method countByCondition(java.lang.Long,java.lang.String,java.lang.String,java.lang.String)
[ERROR]   location: variable lotteryMapper of type com.group.admin.mapper.LotteryMapper
[ERROR] /c:/Users/user/OneDrive/Desktop/創業/KUJI-Server/admin/src/main/java/com/group/admin/service/impl/LotteryServiceImpl.java:[224,60] incompatible types: java.lang.Long cannot be converted to java.lang.String
[ERROR] /c:/Users/user/OneDrive/Desktop/創業/KUJI-Server/admin/src/main/java/com/group/admin/service/impl/LotteryServiceImpl.java:[230,44] cannot find symbol
[ERROR]   symbol:   method sumQuantityByLotteryId(java.lang.Long)
[ERROR]   location: variable lotteryPrizeMapper of type com.group.admin.mapper.LotteryPrizeMapper
[ERROR] /c:/Users/user/OneDrive/Desktop/創業/KUJI-Server/admin/src/main/java/com/group/admin/service/impl/LotteryServiceImpl.java:[247,60] incompatible types: java.lang.Long cannot be converted to java.lang.String
[ERROR] /c:/Users/user/OneDrive/Desktop/創業/KUJI-Server/admin/src/main/java/com/group/admin/service/impl/LotteryServiceImpl.java:[264,60] incompatible types: java.lang.Long cannot be converted to java.lang.String
[ERROR] /c:/Users/user/OneDrive/Desktop/創業/KUJI-Server/admin/src/main/java/com/group/admin/service/impl/LotteryServiceImpl.java:[281,5] method does not override or implement a method from a supertype
[ERROR] /c:/Users/user/OneDrive/Desktop/創業/KUJI-Server/admin/src/main/java/com/group/admin/service/impl/LotteryServiceImpl.java:[284,40] cannot find symbol
[ERROR]   symbol:   method selectById(java.lang.String)
[ERROR]   location: variable lotteryMapper of type com.group.admin.mapper.LotteryMapper
[ERROR] /c:/Users/user/OneDrive/Desktop/創業/KUJI-Server/admin/src/main/java/com/group/admin/service/impl/LotteryServiceImpl.java:[295,31] cannot find symbol
[ERROR]   symbol:   method selectById(java.lang.String)
[ERROR]   location: variable userMapper of type com.group.admin.mapper.UserMapper
[ERROR] /c:/Users/user/OneDrive/Desktop/創業/KUJI-Server/admin/src/main/java/com/group/admin/service/impl/LotteryServiceImpl.java:[312,55] cannot find symbol
[ERROR]   symbol:   method selectByLotteryId(java.lang.String)
[ERROR]   location: variable lotteryPrizeMapper of type com.group.admin.mapper.LotteryPrizeMapper
[ERROR] /c:/Users/user/OneDrive/Desktop/創業/KUJI-Server/admin/src/main/java/com/group/admin/service/impl/LotteryServiceImpl.java:[316,26] cannot find symbol
[ERROR]   symbol:   method update(com.group.admin.entity.Lottery)
[ERROR]   location: variable lotteryMapper of type com.group.admin.mapper.LotteryMapper
[ERROR] /c:/Users/user/OneDrive/Desktop/創業/KUJI-Server/admin/src/main/java/com/group/admin/service/impl/LotteryServiceImpl.java:[323,26] cannot find symbol
[ERROR]   symbol:   method update(com.group.admin.entity.Lottery)
[ERROR]   location: variable lotteryMapper of type com.group.admin.mapper.LotteryMapper
[ERROR] /c:/Users/user/OneDrive/Desktop/創業/KUJI-Server/admin/src/main/java/com/group/admin/service/impl/LotteryServiceImpl.java:[334,23] cannot find symbol
[ERROR]   symbol:   method updateBalance(java.lang.String,long,long)
[ERROR]   location: variable userMapper of type com.group.admin.mapper.UserMapper
[ERROR] /c:/Users/user/OneDrive/Desktop/創業/KUJI-Server/admin/src/main/java/com/group/admin/service/impl/LotteryServiceImpl.java:[336,23] cannot find symbol
[ERROR]   symbol:   method updateBalance(java.lang.String,long,long)
[ERROR]   location: variable userMapper of type com.group.admin.mapper.UserMapper
[ERROR] /c:/Users/user/OneDrive/Desktop/創業/KUJI-Server/admin/src/main/java/com/group/admin/service/impl/LotteryServiceImpl.java:[341,23] incompatible types: java.lang.Long cannot be converted to java.lang.String
[ERROR] /c:/Users/user/OneDrive/Desktop/創業/KUJI-Server/admin/src/main/java/com/group/admin/service/impl/LotteryServiceImpl.java:[355,41] incompatible types: java.lang.Long cannot be converted to java.lang.String
[ERROR] /c:/Users/user/OneDrive/Desktop/創業/KUJI-Server/admin/src/main/java/com/group/admin/service/impl/LotteryServiceImpl.java:[356,26] incompatible types: java.lang.Long cannot be converted to java.lang.String
[ERROR] /c:/Users/user/OneDrive/Desktop/創業/KUJI-Server/admin/src/main/java/com/group/admin/service/impl/LotteryServiceImpl.java:[365,22] cannot find symbol
[ERROR]   symbol:   method incrementDrawCount(java.lang.String)
[ERROR]   location: variable lotteryMapper of type com.group.admin.mapper.LotteryMapper
[ERROR] /c:/Users/user/OneDrive/Desktop/創業/KUJI-Server/admin/src/main/java/com/group/admin/service/impl/LotteryServiceImpl.java:[378,40] cannot find symbol
[ERROR]   symbol:   method selectById(java.lang.String)
[ERROR]   location: variable lotteryMapper of type com.group.admin.mapper.LotteryMapper
[ERROR] /c:/Users/user/OneDrive/Desktop/創業/KUJI-Server/admin/src/main/java/com/group/admin/service/impl/LotteryServiceImpl.java:[418,60] incompatible types: java.lang.Long cannot be converted to java.lang.String
[ERROR] /c:/Users/user/OneDrive/Desktop/創業/KUJI-Server/admin/src/main/java/com/group/admin/service/impl/LotteryServiceImpl.java:[431,60] incompatible types: java.lang.Long cannot be converted to java.lang.String
[ERROR] /c:/Users/user/OneDrive/Desktop/創業/KUJI-Server/admin/src/main/java/com/group/admin/service/impl/LotteryServiceImpl.java:[450,53] cannot find symbol
[ERROR]   symbol:   method countGrandPrizeRemaining(java.lang.Long)
[ERROR]   location: variable lotteryPrizeMapper of type com.group.admin.mapper.LotteryPrizeMapper
[ERROR] /c:/Users/user/OneDrive/Desktop/創業/KUJI-Server/admin/src/main/java/com/group/admin/service/impl/LotteryServiceImpl.java:[463,34] cannot find symbol
[ERROR]   symbol:   method sumRemainingByLotteryId(java.lang.Long)
[ERROR]   location: variable lotteryPrizeMapper of type com.group.admin.mapper.LotteryPrizeMapper
[ERROR] /c:/Users/user/OneDrive/Desktop/創業/KUJI-Server/admin/src/main/java/com/group/admin/service/impl/LotteryServiceImpl.java:[469,52] cannot find symbol
[ERROR]   symbol:   method sumQuantityByLotteryId(java.lang.Long)
[ERROR]   location: variable lotteryPrizeMapper of type com.group.admin.mapper.LotteryPrizeMapper
[ERROR] /c:/Users/user/OneDrive/Desktop/創業/KUJI-Server/admin/src/main/java/com/group/admin/service/impl/LotteryServiceImpl.java:[470,56] cannot find symbol
[ERROR]   symbol:   method sumRemainingByLotteryId(java.lang.Long)
[ERROR]   location: variable lotteryPrizeMapper of type com.group.admin.mapper.LotteryPrizeMapper
[ERROR] /c:/Users/user/OneDrive/Desktop/創業/KUJI-Server/admin/src/main/java/com/group/admin/service/impl/LotteryServiceImpl.java:[471,60] cannot find symbol
[ERROR]   symbol:   method countGrandPrizeRemaining(java.lang.Long)
[ERROR]   location: variable lotteryPrizeMapper of type com.group.admin.mapper.LotteryPrizeMapper
[ERROR] /c:/Users/user/OneDrive/Desktop/創業/KUJI-Server/admin/src/main/java/com/group/admin/service/impl/LotteryServiceImpl.java:[498,53] cannot find symbol
[ERROR]   symbol:   method decrementRemaining(java.lang.String)
[ERROR]   location: variable lotteryPrizeMapper of type com.group.admin.mapper.LotteryPrizeMapper
[ERROR] /c:/Users/user/OneDrive/Desktop/創業/KUJI-Server/admin/src/main/java/com/group/admin/service/impl/LotteryServiceImpl.java:[503,52] cannot find symbol
[ERROR]   symbol:   method selectByLotteryId(java.lang.String)
[ERROR]   location: variable lotteryPrizeMapper of type com.group.admin.mapper.LotteryPrizeMapper
[ERROR] /c:/Users/user/OneDrive/Desktop/創業/KUJI-Server/admin/src/main/java/com/group/admin/service/impl/LotteryServiceImpl.java:[517,32] incompatible types: java.lang.String cannot be converted to java.lang.Long
[ERROR] /c:/Users/user/OneDrive/Desktop/創業/KUJI-Server/admin/src/main/java/com/group/admin/service/impl/LotteryServiceImpl.java:[518,42] incompatible types: java.lang.String cannot be converted to java.lang.Long
[ERROR] /c:/Users/user/OneDrive/Desktop/創業/KUJI-Server/admin/src/main/java/com/group/admin/service/impl/LotteryServiceImpl.java:[539,49] cannot find symbol
[ERROR]   symbol:   method sumRemainingByLotteryId(java.lang.String)
[ERROR]   location: variable lotteryPrizeMapper of type com.group.admin.mapper.LotteryPrizeMapper
[ERROR] /c:/Users/user/OneDrive/Desktop/創業/KUJI-Server/admin/src/main/java/com/group/admin/service/impl/LotteryServiceImpl.java:[544,46] incompatible types: java.lang.String cannot be converted to java.lang.Long
[ERROR] /c:/Users/user/OneDrive/Desktop/創業/KUJI-Server/admin/src/main/java/com/group/admin/service/impl/LotteryServiceImpl.java:[548,46] cannot find symbol
[ERROR]   symbol:   method sumQuantityByLotteryId(java.lang.String)
[ERROR]   location: variable lotteryPrizeMapper of type com.group.admin.mapper.LotteryPrizeMapper
[ERROR] /c:/Users/user/OneDrive/Desktop/創業/KUJI-Server/admin/src/main/java/com/group/admin/service/impl/LotteryServiceImpl.java:[549,50] cannot find symbol
[ERROR]   symbol:   method sumRemainingByLotteryId(java.lang.String)
[ERROR]   location: variable lotteryPrizeMapper of type com.group.admin.mapper.LotteryPrizeMapper
[ERROR] /c:/Users/user/OneDrive/Desktop/創業/KUJI-Server/admin/src/main/java/com/group/admin/service/impl/LotteryServiceImpl.java:[555,32] incompatible types: java.lang.String cannot be converted to java.lang.Long
[ERROR] /c:/Users/user/OneDrive/Desktop/創業/KUJI-Server/admin/src/main/java/com/group/admin/service/impl/LotteryServiceImpl.java:[556,42] incompatible types: java.lang.String cannot be converted to java.lang.Long
[ERROR] /c:/Users/user/OneDrive/Desktop/創業/KUJI-Server/admin/src/main/java/com/group/admin/service/impl/LotteryServiceImpl.java:[566,49] cannot find symbol
[ERROR]   symbol:   method sumRemainingByLotteryId(java.lang.String)
[ERROR]   location: variable lotteryPrizeMapper of type com.group.admin.mapper.LotteryPrizeMapper
[ERROR] /c:/Users/user/OneDrive/Desktop/創業/KUJI-Server/admin/src/main/java/com/group/admin/service/impl/LotteryServiceImpl.java:[567,46] cannot find symbol
[ERROR]   symbol:   method sumQuantityByLotteryId(java.lang.String)
[ERROR]   location: variable lotteryPrizeMapper of type com.group.admin.mapper.LotteryPrizeMapper
[ERROR] /c:/Users/user/OneDrive/Desktop/創業/KUJI-Server/admin/src/main/java/com/group/admin/service/impl/LotteryServiceImpl.java:[568,50] cannot find symbol
[ERROR]   symbol:   method sumRemainingByLotteryId(java.lang.String)
[ERROR]   location: variable lotteryPrizeMapper of type com.group.admin.mapper.LotteryPrizeMapper
[ERROR] /c:/Users/user/OneDrive/Desktop/創業/KUJI-Server/admin/src/main/java/com/group/admin/aop/PermissionAspect.java:[129,50] cannot find symbol
[ERROR]   symbol:   method selectByUsername(java.lang.String)
[ERROR]   location: variable adminUserMapper of type com.group.admin.mapper.AdminUserMapper
[ERROR] /c:/Users/user/OneDrive/Desktop/創業/KUJI-Server/admin/src/main/java/com/group/admin/aop/PermissionAspect.java:[134,40] cannot find symbol
[ERROR]   symbol:   method selectByEmail(java.lang.String)
[ERROR]   location: variable adminUserMapper of type com.group.admin.mapper.AdminUserMapper
[ERROR] /c:/Users/user/OneDrive/Desktop/創業/KUJI-Server/admin/src/main/java/com/group/admin/filter/JwtAuthenticationFilter.java:[60,66] cannot find symbol
[ERROR]   symbol:   method selectByUsername(java.lang.String)
[ERROR]   location: variable adminUserMapper of type com.group.admin.mapper.AdminUserMapper
[ERROR] /c:/Users/user/OneDrive/Desktop/創業/KUJI-Server/admin/src/main/java/com/group/admin/filter/JwtAuthenticationFilter.java:[63,88] cannot find symbol
[ERROR]   symbol:   method selectByAdminId(java.lang.String)
[ERROR]   location: variable adminUserRoleMapper of type com.group.admin.mapper.AdminUserRoleMapper
[ERROR] /c:/Users/user/OneDrive/Desktop/創業/KUJI-Server/admin/src/main/java/com/group/admin/filter/JwtAuthenticationFilter.java:[78,62] cannot find symbol
[ERROR]   symbol:   method selectByEmail(java.lang.String)
[ERROR]   location: variable userMapper of type com.group.admin.mapper.UserMapper
[ERROR] /c:/Users/user/OneDrive/Desktop/創業/KUJI-Server/admin/src/main/java/com/group/admin/service/impl/LotteryLockServiceImpl.java:[44,50] incompatible types: java.lang.String cannot be converted to java.lang.Long
[ERROR] /c:/Users/user/OneDrive/Desktop/創業/KUJI-Server/admin/src/main/java/com/group/admin/service/impl/LotteryLockServiceImpl.java:[57,59] incompatible types: java.lang.String cannot be converted to java.lang.Long
[ERROR] /c:/Users/user/OneDrive/Desktop/創業/KUJI-Server/admin/src/main/java/com/group/admin/service/impl/LotteryLockServiceImpl.java:[72,62] incompatible types: java.lang.String cannot be converted to java.lang.Long
[ERROR] /c:/Users/user/OneDrive/Desktop/創業/KUJI-Server/admin/src/main/java/com/group/admin/service/impl/LotteryLockServiceImpl.java:[86,27] incompatible types: java.lang.Long cannot be converted to java.lang.String
[ERROR] /c:/Users/user/OneDrive/Desktop/創業/KUJI-Server/admin/src/main/java/com/group/admin/service/impl/LotteryLockServiceImpl.java:[87,24] incompatible types: java.lang.Long cannot be converted to java.lang.String
[ERROR] /c:/Users/user/OneDrive/Desktop/創業/KUJI-Server/admin/src/main/java/com/group/admin/service/impl/LotteryLockServiceImpl.java:[102,26] cannot find symbol
[ERROR]   symbol:   method deactivate(java.lang.Long,java.lang.Long)
[ERROR]   location: variable lotteryLockMapper of type com.group.admin.mapper.LotteryLockMapper
[ERROR] /c:/Users/user/OneDrive/Desktop/創業/KUJI-Server/admin/src/main/java/com/group/admin/service/impl/LotteryLockServiceImpl.java:[109,38] cannot find symbol
[ERROR]   symbol:   method cleanExpired()
[ERROR]   location: variable lotteryLockMapper of type com.group.admin.mapper.LotteryLockMapper
[ERROR] /c:/Users/user/OneDrive/Desktop/創業/KUJI-Server/admin/src/main/java/com/group/admin/service/impl/LotteryLockServiceImpl.java:[115,33] cannot find symbol
[ERROR]   symbol:   method selectActiveLock(java.lang.Long)
[ERROR]   location: variable lotteryLockMapper of type com.group.admin.mapper.LotteryLockMapper
[ERROR] -> [Help 1]
org.apache.maven.lifecycle.LifecycleExecutionException: Failed to execute goal org.apache.maven.plugins:maven-compiler-plugin:3.11.0:compile (default-compile) on project admin: Compilation failure
    at org.apache.maven.lifecycle.internal.MojoExecutor.doExecute2 (MojoExecutor.java:333)
    at org.apache.maven.lifecycle.internal.MojoExecutor.doExecute (MojoExecutor.java:316)
    at org.apache.maven.lifecycle.internal.MojoExecutor.execute (MojoExecutor.java:212)
    at org.apache.maven.lifecycle.internal.MojoExecutor.execute (MojoExecutor.java:174)
    at org.apache.maven.lifecycle.internal.MojoExecutor.access$000 (MojoExecutor.java:75)
    at org.apache.maven.lifecycle.internal.MojoExecutor$1.run (MojoExecutor.java:162)
    at org.apache.maven.plugin.DefaultMojosExecutionStrategy.execute (DefaultMojosExecutionStrategy.java:39)
    at org.apache.maven.lifecycle.internal.MojoExecutor.execute (MojoExecutor.java:159)
    at org.apache.maven.lifecycle.internal.LifecycleModuleBuilder.buildProject (LifecycleModuleBuilder.java:105)
    at org.apache.maven.lifecycle.internal.LifecycleModuleBuilder.buildProject (LifecycleModuleBuilder.java:73)
    at org.apache.maven.lifecycle.internal.builder.singlethreaded.SingleThreadedBuilder.build (SingleThreadedBuilder.java:53)
    at org.apache.maven.lifecycle.internal.LifecycleStarter.execute (LifecycleStarter.java:118)
    at org.apache.maven.DefaultMaven.doExecute (DefaultMaven.java:261)
    at org.apache.maven.DefaultMaven.doExecute (DefaultMaven.java:173)
    at org.apache.maven.DefaultMaven.execute (DefaultMaven.java:101)
    at org.apache.maven.cli.MavenCli.execute (MavenCli.java:919)
    at org.apache.maven.cli.MavenCli.doMain (MavenCli.java:285)
    at org.apache.maven.cli.MavenCli.main (MavenCli.java:207)
    at jdk.internal.reflect.DirectMethodHandleAccessor.invoke (DirectMethodHandleAccessor.java:103)
    at java.lang.reflect.Method.invoke (Method.java:580)
    at org.codehaus.plexus.classworlds.launcher.Launcher.launchEnhanced (Launcher.java:255)
    at org.codehaus.plexus.classworlds.launcher.Launcher.launch (Launcher.java:201)
    at org.codehaus.plexus.classworlds.launcher.Launcher.mainWithExitCode (Launcher.java:361)
    at org.codehaus.plexus.classworlds.launcher.Launcher.main (Launcher.java:314)
Caused by: org.apache.maven.plugin.compiler.CompilationFailureException: Compilation failure
    at org.apache.maven.plugin.compiler.AbstractCompilerMojo.execute (AbstractCompilerMojo.java:1212)
    at org.apache.maven.plugin.compiler.CompilerMojo.execute (CompilerMojo.java:193)
    at org.apache.maven.plugin.DefaultBuildPluginManager.executeMojo (DefaultBuildPluginManager.java:126)
    at org.apache.maven.lifecycle.internal.MojoExecutor.doExecute2 (MojoExecutor.java:328)
    at org.apache.maven.lifecycle.internal.MojoExecutor.doExecute (MojoExecutor.java:316)
    at org.apache.maven.lifecycle.internal.MojoExecutor.execute (MojoExecutor.java:212)
    at org.apache.maven.lifecycle.internal.MojoExecutor.execute (MojoExecutor.java:174)
    at org.apache.maven.lifecycle.internal.MojoExecutor.access$000 (MojoExecutor.java:75)
    at org.apache.maven.lifecycle.internal.MojoExecutor$1.run (MojoExecutor.java:162)
    at org.apache.maven.plugin.DefaultMojosExecutionStrategy.execute (DefaultMojosExecutionStrategy.java:39)
    at org.apache.maven.lifecycle.internal.MojoExecutor.execute (MojoExecutor.java:159)
    at org.apache.maven.lifecycle.internal.LifecycleModuleBuilder.buildProject (LifecycleModuleBuilder.java:105)
    at org.apache.maven.lifecycle.internal.LifecycleModuleBuilder.buildProject (LifecycleModuleBuilder.java:73)
    at org.apache.maven.lifecycle.internal.builder.singlethreaded.SingleThreadedBuilder.build (SingleThreadedBuilder.java:53)
    at org.apache.maven.lifecycle.internal.LifecycleStarter.execute (LifecycleStarter.java:118)
    at org.apache.maven.DefaultMaven.doExecute (DefaultMaven.java:261)
    at org.apache.maven.DefaultMaven.doExecute (DefaultMaven.java:173)
    at org.apache.maven.DefaultMaven.execute (DefaultMaven.java:101)
    at org.apache.maven.cli.MavenCli.execute (MavenCli.java:919)
    at org.apache.maven.cli.MavenCli.doMain (MavenCli.java:285)
    at org.apache.maven.cli.MavenCli.main (MavenCli.java:207)
    at jdk.internal.reflect.DirectMethodHandleAccessor.invoke (DirectMethodHandleAccessor.java:103)
    at java.lang.reflect.Method.invoke (Method.java:580)
    at org.codehaus.plexus.classworlds.launcher.Launcher.launchEnhanced (Launcher.java:255)
    at org.codehaus.plexus.classworlds.launcher.Launcher.launch (Launcher.java:201)
    at org.codehaus.plexus.classworlds.launcher.Launcher.mainWithExitCode (Launcher.java:361)
    at org.codehaus.plexus.classworlds.launcher.Launcher.main (Launcher.java:314)
[ERROR] 
[ERROR] Re-run Maven using the -X switch to enable full debug logging.
[ERROR] 
[ERROR] For more information about the errors and possible solutions, please read the following articles:
[ERROR] [Help 1] http://cwiki.apache.org/confluence/display/MAVEN/MojoFailureException
