[INFO] Scanning for projects...
[INFO] 
[INFO] --------------------------< com.group:admin >---------------------------
[INFO] Building admin 1.0.0
[INFO]   from pom.xml
[INFO] --------------------------------[ jar ]---------------------------------
[INFO] 
[INFO] --- clean:3.3.2:clean (default-clean) @ admin ---
[INFO] Deleting c:\Users\user\OneDrive\Desktop\dream\KUJI-Server\admin\target
[INFO] 
[INFO] --- resources:3.3.1:resources (default-resources) @ admin ---
[INFO] Copying 39 resources from src\main\resources to target\classes
[INFO] 
[INFO] --- compiler:3.11.0:compile (default-compile) @ admin ---
[INFO] Changes detected - recompiling the module! :source
[INFO] Compiling 371 source files with javac [debug release 21] to target\classes
[INFO] /c:/Users/user/OneDrive/Desktop/dream/KUJI-Server/admin/src/main/java/com/group/admin/req/news/NewsCreateReq.java: Some input files use or override a deprecated API.
[INFO] /c:/Users/user/OneDrive/Desktop/dream/KUJI-Server/admin/src/main/java/com/group/admin/req/news/NewsCreateReq.java: Recompile with -Xlint:deprecation for details.
[INFO] /c:/Users/user/OneDrive/Desktop/dream/KUJI-Server/admin/src/main/java/com/group/admin/result/ApiResponse.java: c:\Users\user\OneDrive\Desktop\dream\KUJI-Server\admin\src\main\java\com\group\admin\result\ApiResponse.java uses unchecked or unsafe operations.
[INFO] /c:/Users/user/OneDrive/Desktop/dream/KUJI-Server/admin/src/main/java/com/group/admin/result/ApiResponse.java: Recompile with -Xlint:unchecked for details.
[INFO] 
[INFO] --- resources:3.3.1:testResources (default-testResources) @ admin ---
[INFO] Copying 1 resource from src\test\resources to target\test-classes
[INFO] 
[INFO] --- compiler:3.11.0:testCompile (default-testCompile) @ admin ---
[INFO] Changes detected - recompiling the module! :dependency
[INFO] Compiling 37 source files with javac [debug release 21] to target\test-classes
[INFO] 
[INFO] --- surefire:3.2.5:test (default-test) @ admin ---
[INFO] Using auto detected provider org.apache.maven.surefire.junitplatform.JUnitPlatformProvider
[INFO] 
[INFO] -------------------------------------------------------
[INFO]  T E S T S
[INFO] -------------------------------------------------------
[INFO] Running com.group.admin.controller.admin.AdminAuthControllerTest
WARNING: A Java agent has been loaded dynamically (C:\Users\user\.m2\repository\net\bytebuddy\byte-buddy-agent\1.14.19\byte-buddy-agent-1.14.19.jar)
WARNING: If a serviceability tool is in use, please run with -XX:+EnableDynamicAgentLoading to hide this warning
WARNING: If a serviceability tool is not in use, please run with -Djdk.instrument.traceUsage for more information
WARNING: Dynamic loading of agents will be disallowed by default in a future release
OpenJDK 64-Bit Server VM warning: Sharing is only supported for boot loader classes because bootstrap classpath has been appended
01:34:47.169 [main] INFO org.hibernate.validator.internal.util.Version -- HV000001: Hibernate Validator 8.0.1.Final
01:34:47.663 [main] INFO org.springframework.mock.web.MockServletContext -- Initializing Spring TestDispatcherServlet ''
01:34:47.664 [main] INFO org.springframework.test.web.servlet.TestDispatcherServlet -- Initializing Servlet ''
01:34:47.668 [main] INFO org.springframework.test.web.servlet.TestDispatcherServlet -- Completed initialization in 3 ms
01:34:47.906 [main] INFO com.group.admin.controller.admin.AdminAuthController -- 修改密碼請求
01:34:47.952 [main] INFO org.springframework.mock.web.MockServletContext -- Initializing Spring TestDispatcherServlet ''
01:34:47.952 [main] INFO org.springframework.test.web.servlet.TestDispatcherServlet -- Initializing Servlet ''
01:34:47.952 [main] INFO org.springframework.test.web.servlet.TestDispatcherServlet -- Completed initialization in 0 ms
01:34:47.955 [main] INFO com.group.admin.controller.admin.AdminAuthController -- 登出請求
01:34:47.973 [main] INFO org.springframework.mock.web.MockServletContext -- Initializing Spring TestDispatcherServlet ''
01:34:47.973 [main] INFO org.springframework.test.web.servlet.TestDispatcherServlet -- Initializing Servlet ''
01:34:47.973 [main] INFO org.springframework.test.web.servlet.TestDispatcherServlet -- Completed initialization in 0 ms
01:34:47.988 [main] INFO com.group.admin.controller.admin.AdminAuthController -- 後台登入請求：username=admin@kuji.com
01:34:48.019 [main] INFO org.springframework.mock.web.MockServletContext -- Initializing Spring TestDispatcherServlet ''
01:34:48.020 [main] INFO org.springframework.test.web.servlet.TestDispatcherServlet -- Initializing Servlet ''
01:34:48.020 [main] INFO org.springframework.test.web.servlet.TestDispatcherServlet -- Completed initialization in 0 ms
01:34:48.025 [main] INFO com.group.admin.controller.admin.AdminAuthController -- 刷新 Token 請求
[INFO] Tests run: 4, Failures: 0, Errors: 0, Skipped: 0, Time elapsed: 2.534 s -- in com.group.admin.controller.admin.AdminAuthControllerTest
[INFO] 
[INFO] Results:
[INFO] 
[INFO] Tests run: 4, Failures: 0, Errors: 0, Skipped: 0
[INFO] 
[INFO] ------------------------------------------------------------------------
[INFO] BUILD SUCCESS
[INFO] ------------------------------------------------------------------------
[INFO] Total time:  20.211 s
[INFO] Finished at: 2026-01-23T01:34:48+08:00
[INFO] ------------------------------------------------------------------------
